[INFO] Scanning for projects...
[INFO] 
[INFO] ----------------------< net.marcloud.mcp.189:MCP >----------------------
[INFO] Building MCP 1.8.9
[INFO]   from pom.xml
[INFO] --------------------------------[ jar ]---------------------------------
[INFO] 
[INFO] --- clean:3.2.0:clean (default-clean) @ MCP ---
[INFO] Deleting C:\Users\Reng\CascadeProjects\mc189-lwjgl3-native\target
[INFO] 
[INFO] --- resources:3.4.0:resources (default-resources) @ MCP ---
[INFO] Copying 3087 resources from src\main\resources to target\classes
[INFO] 
[INFO] --- compiler:3.15.0:compile (default-compile) @ MCP ---
[INFO] Recompiling the module because of changed source code.
[INFO] Compiling 1616 source files with javac [debug target 17] to target\classes
[WARNING] /C:/Users/Reng/CascadeProjects/mc189-lwjgl3-native/src/main/java/net/minecraft/entity/item/EntityMinecart.java:[97,40] Integer(int) in java.lang.Integer has been deprecated and marked for removal
[WARNING] /C:/Users/Reng/CascadeProjects/mc189-lwjgl3-native/src/main/java/net/minecraft/entity/item/EntityMinecart.java:[98,40] Integer(int) in java.lang.Integer has been deprecated and marked for removal
[WARNING] /C:/Users/Reng/CascadeProjects/mc189-lwjgl3-native/src/main/java/net/minecraft/entity/item/EntityMinecart.java:[99,40] Float(float) in java.lang.Float has been deprecated and marked for removal
[WARNING] /C:/Users/Reng/CascadeProjects/mc189-lwjgl3-native/src/main/java/net/minecraft/entity/item/EntityMinecart.java:[100,40] Integer(int) in java.lang.Integer has been deprecated and marked for removal
[WARNING] /C:/Users/Reng/CascadeProjects/mc189-lwjgl3-native/src/main/java/net/minecraft/entity/item/EntityMinecart.java:[101,40] Integer(int) in java.lang.Integer has been deprecated and marked for removal
[WARNING] /C:/Users/Reng/CascadeProjects/mc189-lwjgl3-native/src/main/java/net/minecraft/entity/passive/EntityBat.java:[29,40] Byte(byte) in java.lang.Byte has been deprecated and marked for removal
[WARNING] /C:/Users/Reng/CascadeProjects/mc189-lwjgl3-native/src/main/java/net/minecraft/entity/monster/EntityBlaze.java:[55,40] Byte(byte) in java.lang.Byte has been deprecated and marked for removal
[WARNING] /C:/Users/Reng/CascadeProjects/mc189-lwjgl3-native/src/main/java/net/minecraft/entity/item/EntityBoat.java:[56,40] Integer(int) in java.lang.Integer has been deprecated and marked for removal
[WARNING] /C:/Users/Reng/CascadeProjects/mc189-lwjgl3-native/src/main/java/net/minecraft/entity/item/EntityBoat.java:[57,40] Integer(int) in java.lang.Integer has been deprecated and marked for removal
[WARNING] /C:/Users/Reng/CascadeProjects/mc189-lwjgl3-native/src/main/java/net/minecraft/entity/item/EntityBoat.java:[58,40] Float(float) in java.lang.Float has been deprecated and marked for removal
[WARNING] /C:/Users/Reng/CascadeProjects/mc189-lwjgl3-native/src/main/java/net/minecraft/entity/monster/EntitySpider.java:[67,40] Byte(byte) in java.lang.Byte has been deprecated and marked for removal
[WARNING] /C:/Users/Reng/CascadeProjects/mc189-lwjgl3-native/src/main/java/net/minecraft/entity/monster/EntityEnderman.java:[84,40] Short(short) in java.lang.Short has been deprecated and marked for removal
[WARNING] /C:/Users/Reng/CascadeProjects/mc189-lwjgl3-native/src/main/java/net/minecraft/entity/monster/EntityEnderman.java:[85,40] Byte(byte) in java.lang.Byte has been deprecated and marked for removal
[WARNING] /C:/Users/Reng/CascadeProjects/mc189-lwjgl3-native/src/main/java/net/minecraft/entity/monster/EntityEnderman.java:[86,40] Byte(byte) in java.lang.Byte has been deprecated and marked for removal
[WARNING] /C:/Users/Reng/CascadeProjects/mc189-lwjgl3-native/src/main/java/net/minecraft/entity/passive/EntityWolf.java:[131,40] Float(float) in java.lang.Float has been deprecated and marked for removal
[WARNING] /C:/Users/Reng/CascadeProjects/mc189-lwjgl3-native/src/main/java/net/minecraft/entity/passive/EntityWolf.java:[132,40] Byte(byte) in java.lang.Byte has been deprecated and marked for removal
[WARNING] /C:/Users/Reng/CascadeProjects/mc189-lwjgl3-native/src/main/java/net/minecraft/entity/passive/EntityWolf.java:[133,40] Byte(byte) in java.lang.Byte has been deprecated and marked for removal
[WARNING] /C:/Users/Reng/CascadeProjects/mc189-lwjgl3-native/src/main/java/net/minecraft/entity/passive/EntitySheep.java:[111,40] Byte(byte) in java.lang.Byte has been deprecated and marked for removal
[WARNING] /C:/Users/Reng/CascadeProjects/mc189-lwjgl3-native/src/main/java/net/minecraft/entity/monster/EntitySkeleton.java:[76,40] Byte(byte) in java.lang.Byte has been deprecated and marked for removal
[WARNING] /C:/Users/Reng/CascadeProjects/mc189-lwjgl3-native/src/main/java/net/minecraft/entity/boss/EntityWither.java:[79,40] Integer(int) in java.lang.Integer has been deprecated and marked for removal
[WARNING] /C:/Users/Reng/CascadeProjects/mc189-lwjgl3-native/src/main/java/net/minecraft/entity/boss/EntityWither.java:[80,40] Integer(int) in java.lang.Integer has been deprecated and marked for removal
[WARNING] /C:/Users/Reng/CascadeProjects/mc189-lwjgl3-native/src/main/java/net/minecraft/entity/boss/EntityWither.java:[81,40] Integer(int) in java.lang.Integer has been deprecated and marked for removal
[WARNING] /C:/Users/Reng/CascadeProjects/mc189-lwjgl3-native/src/main/java/net/minecraft/entity/boss/EntityWither.java:[82,40] Integer(int) in java.lang.Integer has been deprecated and marked for removal
[WARNING] /C:/Users/Reng/CascadeProjects/mc189-lwjgl3-native/src/main/java/net/minecraft/entity/item/EntityMinecartFurnace.java:[41,40] Byte(byte) in java.lang.Byte has been deprecated and marked for removal
[INFO] /C:/Users/Reng/CascadeProjects/mc189-lwjgl3-native/src/main/java/net/minecraft/tileentity/TileEntity.java: Some input files use or override a deprecated API.
[INFO] /C:/Users/Reng/CascadeProjects/mc189-lwjgl3-native/src/main/java/net/minecraft/tileentity/TileEntity.java: Recompile with -Xlint:deprecation for details.
[INFO] /C:/Users/Reng/CascadeProjects/mc189-lwjgl3-native/src/main/java/net/minecraft/util/RegistryNamespaced.java: Some input files use unchecked or unsafe operations.
[INFO] /C:/Users/Reng/CascadeProjects/mc189-lwjgl3-native/src/main/java/net/minecraft/util/RegistryNamespaced.java: Recompile with -Xlint:unchecked for details.
[INFO] ------------------------------------------------------------------------
[INFO] BUILD SUCCESS
[INFO] ------------------------------------------------------------------------
[INFO] Total time:  20.256 s
[INFO] Finished at: 2026-04-06T16:15:59+02:00
[INFO] ------------------------------------------------------------------------
