javac.exe : src\test\java\Start.java:4: error: package net.minecraft.client.main does not exist
In Zeile:1 Zeichen:1
+ & 'C:\Program Files\Eclipse Adoptium\jdk-17.0.18.8-hotspot\bin\javac. ...
+ ~~~~~~~~~~~~~~~~~~~~~~~~~~~~~~~~~~~~~~~~~~~~~~~~~~~~~~~~~~~~~~~~~~~~~
    + CategoryInfo          : NotSpecified: (src\test\java\S... does not exist:String) [], RemoteException
    + FullyQualifiedErrorId : NativeCommandError
 
import net.minecraft.client.main.Main;
                                ^
src\test\java\Start.java:21: error: cannot find symbol
        Main.main(concat(new String[]{"--version", "MavenMCP", "--accessToken", "0", "--assetsDir", "assets", 
"--assetIndex", "1.8", "--userProperties", "{}"}, args));
        ^
  symbol:   variable Main
  location: class Start
2 errors
